[mobirise.com/extensions/floram4/floral-studio/index.html]
[mobirise.com/extensions/floram4/floral-studio/assets/images/logo1.png]
[backblue.gif]
[fade.gif]
[index.html]
[mobirise.com/extensions/floram4/floral-studio/assets/web/assets/mobirise-icons2/mobirise2.css]
[mobirise.com/extensions/floram4/floral-studio/assets/tether/tether.min.css]
[mobirise.com/extensions/floram4/floral-studio/assets/bootstrap/css/bootstrap.min.css]
[mobirise.com/extensions/floram4/floral-studio/assets/bootstrap/css/bootstrap-grid.min.css]
[mobirise.com/extensions/floram4/floral-studio/assets/bootstrap/css/bootstrap-reboot.min.css]
[mobirise.com/extensions/floram4/floral-studio/assets/dropdown/css/style.css]
[mobirise.com/extensions/floram4/floral-studio/assets/socicon/css/styles.css]
[mobirise.com/extensions/floram4/floral-studio/assets/theme/css/style.css]
[mobirise.com/extensions/floram4/floral-studio/assets/recaptcha.css]
[mobirise.com/extensions/floram4/floral-studio/assets/mobirise/css/mbr-additional.css]
[mobirise.com/extensions/floram4/floral-studio/assets/images/sl1-967x725.jpg]
[mobirise.com/extensions/floram4/floral-studio/assets/images/sl7.jpg]
[mobirise.com/extensions/floram4/floral-studio/assets/images/sl4.jpg]
[mobirise.com/extensions/floram4/floral-studio/assets/images/fl1.jpg]
[mobirise.com/extensions/floram4/floral-studio/assets/images/fl2.jpg]
[mobirise.com/extensions/floram4/floral-studio/assets/images/signature.png]
[mobirise.com/extensions/floram4/floral-studio/assets/images/b4.jpg]
[mobirise.com/extensions/floram4/floral-studio/assets/images/b2.jpg]
[mobirise.com/extensions/floram4/floral-studio/assets/images/b3.jpg]
[mobirise.com/extensions/floram4/floral-studio/assets/images/sl3-1050x700.jpg]
[mobirise.com/extensions/floram4/floral-studio/assets/images/gallery1.jpg]
[mobirise.com/extensions/floram4/floral-studio/assets/images/portr1.jpg]
[mobirise.com/extensions/floram4/floral-studio/assets/images/portr2.jpg]
[mobirise.com/extensions/floram4/floral-studio/assets/images/portr3.jpg]
[mobirise.com/extensions/floram4/floral-studio/assets/images/1.png]
[mobirise.com/extensions/floram4/floral-studio/assets/images/5.png]
[mobirise.com/extensions/floram4/floral-studio/assets/images/3.png]
[mobirise.com/extensions/floram4/floral-studio/assets/images/4.png]
[mobirise.com/extensions/floram4/floral-studio/assets/images/6.png]
[mobirise.com/extensions/floram4/floral-studio/assets/web/assets/jquery/jquery.min.js]
[mobirise.com/extensions/floram4/floral-studio/assets/popper/popper.min.js]
[mobirise.com/extensions/floram4/floral-studio/assets/tether/tether.min.js]
[mobirise.com/extensions/floram4/floral-studio/assets/bootstrap/js/bootstrap.min.js]
[mobirise.com/extensions/floram4/floral-studio/assets/smoothscroll/smooth-scroll.js]
[mobirise.com/extensions/floram4/floral-studio/assets/bootstrapcarouselswipe/bootstrap-carousel-swipe.js]
[mobirise.com/extensions/floram4/floral-studio/assets/mbr-testimonials-slider/mbr-testimonials-slider.js]
[mobirise.com/extensions/floram4/floral-studio/assets/dropdown/js/nav-dropdown.js]
[mobirise.com/extensions/floram4/floral-studio/assets/dropdown/js/navbar-dropdown.js]
[mobirise.com/extensions/floram4/floral-studio/assets/touchswipe/jquery.touch-swipe.min.js]
[mobirise.com/extensions/floram4/floral-studio/assets/mbr-tabs/mbr-tabs.js]
[mobirise.com/extensions/floram4/floral-studio/assets/theme/js/script.js]
[mobirise.com/extensions/floram4/floral-studio/assets/formoid.min.js]
[mobirise.com/extensions/floram4/floral-studio/index.html]
[mobirise.com/extensions/floram4/floral-studio/assets/web/assets/mobirise-icons2/mobirise21e04.eot]
[mobirise.com/extensions/floram4/floral-studio/assets/web/assets/mobirise-icons2/mobirise21e04.ttf]
[mobirise.com/extensions/floram4/floral-studio/assets/web/assets/mobirise-icons2/mobirise21e04.woff]
[mobirise.com/extensions/floram4/floral-studio/assets/web/assets/mobirise-icons2/mobirise2.css]
[mobirise.com/extensions/floram4/floral-studio/assets/tether/tether.min.css]
[mobirise.com/extensions/floram4/floral-studio/assets/bootstrap/css/bootstrap.min.css]
[mobirise.com/extensions/floram4/floral-studio/assets/bootstrap/css/bootstrap-grid.min.css]
[mobirise.com/extensions/floram4/floral-studio/assets/bootstrap/css/bootstrap-reboot.min.css]
[mobirise.com/extensions/floram4/floral-studio/assets/dropdown/css/style.css]
[mobirise.com/extensions/floram4/floral-studio/assets/web/assets/mobirise-icons2/mobirise21e04.svg]
[mobirise.com/extensions/floram4/floral-studio/assets/socicon/fonts/socicon.eot]
[mobirise.com/extensions/floram4/floral-studio/assets/socicon/fonts/socicond41d.eot]
[mobirise.com/extensions/floram4/floral-studio/assets/socicon/fonts/socicon.woff2]
[mobirise.com/extensions/floram4/floral-studio/assets/socicon/fonts/socicon.ttf]
[mobirise.com/extensions/floram4/floral-studio/assets/socicon/fonts/socicon.woff]
[mobirise.com/extensions/floram4/floral-studio/assets/socicon/css/styles.css]
[mobirise.com/extensions/floram4/floral-studio/assets/theme/css/style.css]
[mobirise.com/extensions/floram4/floral-studio/assets/recaptcha.css]
[mobirise.com/extensions/floram4/floral-studio/assets/images/background2.jpg]
[mobirise.com/extensions/floram4/floral-studio/assets/socicon/fonts/socicon.svg]
[mobirise.com/extensions/floram4/floral-studio/assets/images/background1-1-1085x595.jpg]
[mobirise.com/extensions/floram4/floral-studio/assets/images/background1.jpg]
[mobirise.com/extensions/floram4/floral-studio/assets/mobirise/css/mbr-additional.css]
[mobirise.com/extensions/floram4/floral-studio/assets/web/assets/mobirise-icons2/mobirise21e04.svg]
[mobirise.com/extensions/floram4/floral-studio/assets/socicon/fonts/socicon.svg]
